// Jest Snapshot v1, https://goo.gl/fbAQLP

exports[`renders visible 1`] = `
<styles__HeaderWrapper
  visible={true}
>
  <styles__HeaderInner>
    <Link
      href="/"
      passHref={true}
    >
      <styles__LogoLink
        tabIndex={0}
        title="link to home"
      >
        <Typography__H2
          color="white"
        >
          Showcase
        </Typography__H2>
        <Layout__VerticalSpacer
          size="medium"
        />
      </styles__LogoLink>
    </Link>
    <nav>
      <styles__Links>
        <HeaderNavLink
          selected={true}
          title="Home"
          to="/"
        />
        <HeaderNavLink
          selected={false}
          title="Design System"
          to="/designSystem"
        />
        <HeaderNavLink
          selected={false}
          title="Using APIs"
          to="/usingAPIs"
        />
      </styles__Links>
    </nav>
  </styles__HeaderInner>
</styles__HeaderWrapper>
`;
